// Jest Snapshot v1, https://goo.gl/fbAQLP

exports[`ProductsList maps store props and actions correctly with initial state 1`] = `
<ProductsList
  categories={Array []}
  errorFetchingCategories={false}
  errorFetchingProducts={false}
  fetchCategoriesAndProducts={[Function]}
  fetchProducts={[Function]}
  fetchProductsFilter={[Function]}
  isFetchingCategories={false}
  isFetchingProducts={false}
  products={Array []}
  searchValue=""
  selectedCategory={null}
  store={
    Object {
      "dispatch": [Function],
      "getState": [Function],
      "replaceReducer": [Function],
      "subscribe": [Function],
      Symbol(observable): [Function],
    }
  }
  storeSubscription={
    Subscription {
      "listeners": Object {
        "clear": [Function],
        "get": [Function],
        "notify": [Function],
        "subscribe": [Function],
      },
      "onStateChange": [Function],
      "parentSub": undefined,
      "store": Object {
        "dispatch": [Function],
        "getState": [Function],
        "replaceReducer": [Function],
        "subscribe": [Function],
        Symbol(observable): [Function],
      },
      "unsubscribe": [Function],
    }
  }
  toogleProductDescription={Array []}
  toogleProductDescriptionVisibility={[Function]}
  visibleProducts={Array []}
/>
`;
